> Task :app:preBuild UP-TO-DATE
> Task :app:preDebugBuild UP-TO-DATE
> Task :app:mergeDebugNativeDebugMetadata NO-SOURCE
> Task :app:dataBindingMergeDependencyArtifactsDebug UP-TO-DATE
> Task :app:generateDebugResources UP-TO-DATE
> Task :app:mergeDebugResources UP-TO-DATE
> Task :app:packageDebugResources UP-TO-DATE
> Task :app:processDebugNavigationResources UP-TO-DATE
> Task :app:parseDebugLocalResources UP-TO-DATE
> Task :app:dataBindingGenBaseClassesDebug UP-TO-DATE
> Task :app:generateDebugRFile UP-TO-DATE
> Task :app:compileDebugKotlin NO-SOURCE
> Task :app:javaPreCompileDebug UP-TO-DATE

> Task :app:compileDebugJavaWithJavac FAILED
.\gradlew : C:\Projects\food-delivery\app\src\main\java\com\example\fooddelivery\ui\auth\ForgetPassFragment.java:24: 
error: package R does not exist
At line:1 char:1
+ .\gradlew assembleDebug > build_output.txt 2>&1
+ ~~~~~~~~~~~~~~~~~~~~~~~~~~~~~~~~~~~~~~~~~~~~~~~
    + CategoryInfo          : NotSpecified: (C:\Projects\foo... does not exist:String) [], RemoteException
    + FullyQualifiedErrorId : NativeCommandError
 
        return inflater.inflate(R.layout.auth_fragment_forget_password, container, false);
                                 ^
C:\Projects\food-delivery\app\src\main\java\com\example\fooddelivery\ui\auth\ForgetPassFragment.java:33: error: 
package R does not exist
        EditText edEmailPhone = view.findViewById(R.id.edEmailPhone);
                                                   ^
C:\Projects\food-delivery\app\src\main\java\com\example\fooddelivery\ui\auth\ForgetPassFragment.java:34: error: 
package R does not exist
        Button btnNext        = view.findViewById(R.id.btnNext);
                                                   ^
C:\Projects\food-delivery\app\src\main\java\com\example\fooddelivery\ui\auth\ForgetPassFragment.java:35: error: 
package R does not exist
        TextView tvBack        = view.findViewById(R.id.tvBack);
                                                    ^
C:\Projects\food-delivery\app\src\main\java\com\example\fooddelivery\ui\auth\ForgetPassFragment.java:43: error: 
package R does not exist
                navController.navigate(R.id.action_forget_to_otp);
                                        ^
C:\Projects\food-delivery\app\src\main\java\com\example\fooddelivery\ui\auth\LoginFragment.java:59: error: package R 
does not exist
        return inflater.inflate(R.layout.auth_fragment_login, container, false);
                                 ^
C:\Projects\food-delivery\app\src\main\java\com\example\fooddelivery\ui\auth\LoginFragment.java:68: error: package R 
does not exist
        btnLogin      = view.findViewById(R.id.btnLogin);
                                           ^
C:\Projects\food-delivery\app\src\main\java\com\example\fooddelivery\ui\auth\LoginFragment.java:69: error: package R 
does not exist
        edUsername    = view.findViewById(R.id.edUsername);
                                           ^
C:\Projects\food-delivery\app\src\main\java\com\example\fooddelivery\ui\auth\LoginFragment.java:70: error: package R 
does not exist
        edPassword    = view.findViewById(R.id.edPassword);
                                           ^
C:\Projects\food-delivery\app\src\main\java\com\example\fooddelivery\ui\auth\LoginFragment.java:71: error: package R 
does not exist
        tvSignup      = view.findViewById(R.id.tvSignup);
                                           ^
C:\Projects\food-delivery\app\src\main\java\com\example\fooddelivery\ui\auth\LoginFragment.java:72: error: package R 
does not exist
        fbLoginButton = view.findViewById(R.id.login_button);
                                           ^
C:\Projects\food-delivery\app\src\main\java\com\example\fooddelivery\ui\auth\LoginFragment.java:73: error: package R 
does not exist
        tvForgetpass  = view.findViewById(R.id.tvForgetpass);
                                           ^
C:\Projects\food-delivery\app\src\main\java\com\example\fooddelivery\ui\auth\LoginFragment.java:85: error: cannot find 
symbol
        Intent intent = new Intent(requireActivity(), MainActivity.class);
                                                      ^
  symbol:   class MainActivity
  location: class LoginFragment
C:\Projects\food-delivery\app\src\main\java\com\example\fooddelivery\ui\auth\LoginFragment.java:99: error: package R 
does not exist
        view.findViewById(R.id.btn_google_login).setOnClickListener(v -> {
                           ^
C:\Projects\food-delivery\app\src\main\java\com\example\fooddelivery\ui\auth\LoginFragment.java:186: error: cannot 
find symbol
        AuthApiService api = SupabaseClient.getInstance().create(AuthApiService.class);
        ^
  symbol:   class AuthApiService
  location: class LoginFragment
C:\Projects\food-delivery\app\src\main\java\com\example\fooddelivery\ui\auth\LoginFragment.java:186: error: cannot 
find symbol
        AuthApiService api = SupabaseClient.getInstance().create(AuthApiService.class);
                                                                 ^
  symbol:   class AuthApiService
  location: class LoginFragment
C:\Projects\food-delivery\app\src\main\java\com\example\fooddelivery\ui\auth\LoginFragment.java:186: error: cannot 
find symbol
        AuthApiService api = SupabaseClient.getInstance().create(AuthApiService.class);
                             ^
  symbol:   variable SupabaseClient
  location: class LoginFragment
C:\Projects\food-delivery\app\src\main\java\com\example\fooddelivery\ui\auth\LoginFragment.java:187: error: cannot 
find symbol
        api.signIn(new AuthRequest(email, password)).enqueue(new Callback<AuthResponse>() {
                                                                          ^
  symbol:   class AuthResponse
  location: class LoginFragment
C:\Projects\food-delivery\app\src\main\java\com\example\fooddelivery\ui\auth\LoginFragment.java:189: error: cannot 
find symbol
            public void onResponse(Call<AuthResponse> call, Response<AuthResponse> response) {
                                        ^
  symbol: class AuthResponse
C:\Projects\food-delivery\app\src\main\java\com\example\fooddelivery\ui\auth\LoginFragment.java:189: error: cannot 
find symbol
            public void onResponse(Call<AuthResponse> call, Response<AuthResponse> response) {
                                                                     ^
  symbol: class AuthResponse
C:\Projects\food-delivery\app\src\main\java\com\example\fooddelivery\ui\auth\LoginFragment.java:207: error: cannot 
find symbol
            public void onFailure(Call<AuthResponse> call, Throwable t) {
                                       ^
  symbol: class AuthResponse
C:\Projects\food-delivery\app\src\main\java\com\example\fooddelivery\ui\auth\LoginFragment.java:187: error: cannot 
find symbol
        api.signIn(new AuthRequest(email, password)).enqueue(new Callback<AuthResponse>() {
                       ^
  symbol:   class AuthRequest
  location: class LoginFragment
C:\Projects\food-delivery\app\src\main\java\com\example\fooddelivery\ui\auth\LoginFragment.java:215: error: package R 
does not exist
                navController.navigate(R.id.action_login_to_signup));
                                        ^
C:\Projects\food-delivery\app\src\main\java\com\example\fooddelivery\ui\auth\LoginFragment.java:220: error: package R 
does not exist
                navController.navigate(R.id.action_login_to_reset_password));
                                        ^
C:\Projects\food-delivery\app\src\main\java\com\example\fooddelivery\ui\auth\Reset_password.java:35: error: package R 
does not exist
        return inflater.inflate(R.layout.auth_fragment_reset_password, container, false);
                                 ^
C:\Projects\food-delivery\app\src\main\java\com\example\fooddelivery\ui\auth\Reset_password.java:42: error: package R 
does not exist
        EditText edNewPassword = view.findViewById(R.id.edNewPassword);
                                                    ^
C:\Projects\food-delivery\app\src\main\java\com\example\fooddelivery\ui\auth\Reset_password.java:43: error: package R 
does not exist
        EditText edConfirmPassword = view.findViewById(R.id.edConfirmPassword);
                                                        ^
C:\Projects\food-delivery\app\src\main\java\com\example\fooddelivery\ui\auth\Reset_password.java:44: error: package R 
does not exist
        ImageView ivToggleNew = view.findViewById(R.id.ivToggleNew);
                                                   ^
C:\Projects\food-delivery\app\src\main\java\com\example\fooddelivery\ui\auth\Reset_password.java:45: error: package R 
does not exist
        ImageView ivToggleConfirm = view.findViewById(R.id.ivToggleConfirm);
                                                       ^
C:\Projects\food-delivery\app\src\main\java\com\example\fooddelivery\ui\auth\Reset_password.java:46: error: package R 
does not exist
        Button btnConfirmReset = view.findViewById(R.id.btnConfirmReset);
                                                    ^
C:\Projects\food-delivery\app\src\main\java\com\example\fooddelivery\ui\auth\Reset_password.java:95: error: package R 
does not exist
                        .setView(R.layout.dialog_success)
                                  ^
C:\Projects\food-delivery\app\src\main\java\com\example\fooddelivery\ui\auth\Reset_password.java:104: error: package R 
does not exist
                    Navigation.findNavController(view).navigate(R.id.action_reset_to_login);
                                                                 ^
C:\Projects\food-delivery\app\src\main\java\com\example\fooddelivery\ui\auth\SignUpFragment.java:33: error: package R 
does not exist
        return inflater.inflate(R.layout.auth_fragment_sign_up, container, false);
                                 ^
C:\Projects\food-delivery\app\src\main\java\com\example\fooddelivery\ui\auth\SignUpFragment.java:40: error: package R 
does not exist
        edEmail        = view.findViewById(R.id.edUsername);      // field email
                                            ^
C:\Projects\food-delivery\app\src\main\java\com\example\fooddelivery\ui\auth\SignUpFragment.java:41: error: package R 
does not exist
        edPassword     = view.findViewById(R.id.edPassword);
                                            ^
C:\Projects\food-delivery\app\src\main\java\com\example\fooddelivery\ui\auth\SignUpFragment.java:42: error: package R 
does not exist
        edAgainPassword = view.findViewById(R.id.edAgianPassword); // l╞░u ├╜ typo "Agian"
                                             ^
C:\Projects\food-delivery\app\src\main\java\com\example\fooddelivery\ui\auth\SignUpFragment.java:43: error: package R 
does not exist
        btnSignUp      = view.findViewById(R.id.btnSignUp);
                                            ^
C:\Projects\food-delivery\app\src\main\java\com\example\fooddelivery\ui\auth\SignUpFragment.java:44: error: package R 
does not exist
        tvSignIn       = view.findViewById(R.id.tvSignIn);
                                            ^
C:\Projects\food-delivery\app\src\main\java\com\example\fooddelivery\ui\auth\SignUpFragment.java:85: error: cannot 
find symbol
        AuthApiService api = SupabaseClient.getInstance().create(AuthApiService.class);
        ^
  symbol:   class AuthApiService
  location: class SignUpFragment
C:\Projects\food-delivery\app\src\main\java\com\example\fooddelivery\ui\auth\SignUpFragment.java:85: error: cannot 
find symbol
        AuthApiService api = SupabaseClient.getInstance().create(AuthApiService.class);
                                                                 ^
  symbol:   class AuthApiService
  location: class SignUpFragment
C:\Projects\food-delivery\app\src\main\java\com\example\fooddelivery\ui\auth\SignUpFragment.java:85: error: cannot 
find symbol
        AuthApiService api = SupabaseClient.getInstance().create(AuthApiService.class);
                             ^
  symbol:   variable SupabaseClient
  location: class SignUpFragment
C:\Projects\food-delivery\app\src\main\java\com\example\fooddelivery\ui\auth\SignUpFragment.java:86: error: cannot 
find symbol
        api.signUp(new AuthRequest(email, password)).enqueue(new Callback<AuthResponse>() {
                                                                          ^
  symbol:   class AuthResponse
  location: class SignUpFragment
C:\Projects\food-delivery\app\src\main\java\com\example\fooddelivery\ui\auth\SignUpFragment.java:88: error: cannot 
find symbol
            public void onResponse(Call<AuthResponse> call, Response<AuthResponse> response) {
                                        ^
  symbol: class AuthResponse
C:\Projects\food-delivery\app\src\main\java\com\example\fooddelivery\ui\auth\SignUpFragment.java:88: error: cannot 
find symbol
            public void onResponse(Call<AuthResponse> call, Response<AuthResponse> response) {
                                                                     ^
  symbol: class AuthResponse
C:\Projects\food-delivery\app\src\main\java\com\example\fooddelivery\ui\auth\SignUpFragment.java:102: error: cannot 
find symbol
            public void onFailure(Call<AuthResponse> call, Throwable t) {
                                       ^
  symbol: class AuthResponse
C:\Projects\food-delivery\app\src\main\java\com\example\fooddelivery\ui\auth\SignUpFragment.java:86: error: cannot 
find symbol
        api.signUp(new AuthRequest(email, password)).enqueue(new Callback<AuthResponse>() {
                       ^
  symbol:   class AuthRequest
  location: class SignUpFragment
C:\Projects\food-delivery\app\src\main\java\com\example\fooddelivery\ui\auth\VerifyOtpFragment.java:27: error: package 
R does not exist
        return inflater.inflate(R.layout.auth_fragment_verify_otp, container, false);
                                 ^
C:\Projects\food-delivery\app\src\main\java\com\example\fooddelivery\ui\auth\VerifyOtpFragment.java:36: error: package 
R does not exist
        EditText edOtp             = view.findViewById(R.id.edOtp);
                                                        ^
C:\Projects\food-delivery\app\src\main\java\com\example\fooddelivery\ui\auth\VerifyOtpFragment.java:37: error: package 
R does not exist
        Button btnSubmitOtp        = view.findViewById(R.id.btnSubmitOtp);
                                                        ^
C:\Projects\food-delivery\app\src\main\java\com\example\fooddelivery\ui\auth\VerifyOtpFragment.java:38: error: package 
R does not exist
        TextView tvResendCode      = view.findViewById(R.id.tvResendCode);
                                                        ^
C:\Projects\food-delivery\app\src\main\java\com\example\fooddelivery\ui\auth\VerifyOtpFragment.java:39: error: package 
R does not exist
        TextView tvChangeEmail     = view.findViewById(R.id.tvChangeEmail);
                                                        ^
C:\Projects\food-delivery\app\src\main\java\com\example\fooddelivery\ui\auth\VerifyOtpFragment.java:40: error: package 
R does not exist
        TextView tvCantAccessEmail = view.findViewById(R.id.tvCantAccessEmail);
                                                        ^
C:\Projects\food-delivery\app\src\main\java\com\example\fooddelivery\ui\auth\VerifyOtpFragment.java:53: error: package 
R does not exist
                navController.navigate(R.id.action_otp_to_reset);
                                        ^
C:\Projects\food-delivery\app\src\main\java\com\example\fooddelivery\ui\favorites\FavoritesFragment.java:62: error: 
package R does not exist
        return inflater.inflate(R.layout.favorites_fragment_favorites, container, false);
                                 ^
C:\Projects\food-delivery\app\src\main\java\com\example\fooddelivery\ui\home\adapters\FoodVerticalAdapter.java:46: 
error: package R does not exist
                .inflate(R.layout.home_item_food_list, parent, false);
                          ^
C:\Projects\food-delivery\app\src\main\java\com\example\fooddelivery\ui\home\adapters\FoodVerticalAdapter.java:62: 
error: package R does not exist
                .placeholder(R.drawable.placeholder_food)
                              ^
C:\Projects\food-delivery\app\src\main\java\com\example\fooddelivery\ui\home\adapters\FoodVerticalAdapter.java:84: 
error: package R does not exist
            imgFood = v.findViewById(R.id.imgFood);
                                      ^
C:\Projects\food-delivery\app\src\main\java\com\example\fooddelivery\ui\home\adapters\FoodVerticalAdapter.java:85: 
error: package R does not exist
            tvName  = v.findViewById(R.id.tvFoodName);
                                      ^
C:\Projects\food-delivery\app\src\main\java\com\example\fooddelivery\ui\home\adapters\FoodVerticalAdapter.java:86: 
error: package R does not exist
            tvDesc  = v.findViewById(R.id.tvDescription);
                                      ^
C:\Projects\food-delivery\app\src\main\java\com\example\fooddelivery\ui\home\adapters\FoodVerticalAdapter.java:87: 
error: package R does not exist
            tvPrice = v.findViewById(R.id.tvPrice);
                                      ^
C:\Projects\food-delivery\app\src\main\java\com\example\fooddelivery\ui\home\adapters\FoodVerticalAdapter.java:88: 
error: package R does not exist
            tvSold  = v.findViewById(R.id.tvSoldCount);
                                      ^
C:\Projects\food-delivery\app\src\main\java\com\example\fooddelivery\ui\home\adapters\FoodVerticalAdapter.java:89: 
error: package R does not exist
            btnAdd  = v.findViewById(R.id.btnAddToCart);
                                      ^
C:\Projects\food-delivery\app\src\main\java\com\example\fooddelivery\ui\home\adapters\TopSellingAdapter.java:46: 
error: package R does not exist
                .inflate(R.layout.home_item_food_card, parent, false);
                          ^
C:\Projects\food-delivery\app\src\main\java\com\example\fooddelivery\ui\home\adapters\TopSellingAdapter.java:60: 
error: package R does not exist
                .placeholder(R.drawable.placeholder_food)
                              ^
C:\Projects\food-delivery\app\src\main\java\com\example\fooddelivery\ui\home\adapters\TopSellingAdapter.java:89: 
error: package R does not exist
            imgFood = v.findViewById(R.id.imgFood);
                                      ^
C:\Projects\food-delivery\app\src\main\java\com\example\fooddelivery\ui\home\adapters\TopSellingAdapter.java:90: 
error: package R does not exist
            tvName  = v.findViewById(R.id.tvFoodName);
                                      ^
C:\Projects\food-delivery\app\src\main\java\com\example\fooddelivery\ui\home\adapters\TopSellingAdapter.java:91: 
error: package R does not exist
            tvPrice = v.findViewById(R.id.tvPrice);
                                      ^
C:\Projects\food-delivery\app\src\main\java\com\example\fooddelivery\ui\home\adapters\TopSellingAdapter.java:92: 
error: package R does not exist
            btnAdd  = v.findViewById(R.id.btnAddToCart);
                                      ^
C:\Projects\food-delivery\app\src\main\java\com\example\fooddelivery\ui\menu\MenuFragment.java:62: error: package R 
does not exist
        return inflater.inflate(R.layout.menu_fragment_menu, container, false);
                                 ^
C:\Projects\food-delivery\app\src\main\java\com\example\fooddelivery\ui\order\OrderListFragment.java:53: error: 
package R does not exist
        View view = inflater.inflate(R.layout.order_fragment_order_list, container, false);
                                      ^
C:\Projects\food-delivery\app\src\main\java\com\example\fooddelivery\ui\order\OrderListFragment.java:54: error: 
package R does not exist
        recyclerView = view.findViewById(R.id.recyclerViewOrders);
                                          ^
C:\Projects\food-delivery\app\src\main\java\com\example\fooddelivery\ui\order\OrderListFragment.java:55: error: 
package R does not exist
        layoutEmpty  = view.findViewById(R.id.layoutEmpty);
                                          ^
C:\Projects\food-delivery\app\src\main\java\com\example\fooddelivery\ui\order\OrderListFragment.java:85: error: 
package R does not exist
                list.add(new Order(1, "B├║n thß║¡p cß║⌐m", "B├án 3, tß║ºng 2", 4, 125000, 7, "pending", 
R.drawable.food_bun_thap_cam));
                                                                                                 ^

[Incubating] Problems report is available at: file:///C:/Projects/food-delivery/build/reports/problems/problems-report.html
C:\Projects\food-delivery\app\src\main\java\com\example\fooddelivery\ui\order\OrderListFragment.java:86: error: 
package R does not exist
                list.add(new Order(2, "B├║n ri├¬u cua",  "B├án 1, tß║ºng 2", 2,  70000, 7, "pending", 
R.drawable.food_bun_rieu_cua));
                                                                                                  ^
C:\Projects\food-delivery\app\src\main\java\com\example\fooddelivery\ui\order\OrderListFragment.java:87: error: 
package R does not exist
                list.add(new Order(3, "B├║n b├▓ Huß║┐",    "B├án 2, tß║ºng 3", 3, 105000, 7, "pending", 
R.drawable.food_bun_bo_hue));
                                                                                                  ^
C:\Projects\food-delivery\app\src\main\java\com\example\fooddelivery\ui\order\OrderListFragment.java:92: error: 
package R does not exist
                list.add(new Order(1, "B├║n thß║¡p cß║⌐m", "B├án 3, tß║ºng 2", 4, 125000, 7, "completed", 
R.drawable.food_bun_thap_cam));
                                                                                                   ^
C:\Projects\food-delivery\app\src\main\java\com\example\fooddelivery\ui\order\OrderListFragment.java:93: error: 
package R does not exist
                list.add(new Order(2, "B├║n ri├¬u cua",  "B├án 1, tß║ºng 2", 2,  70000, 7, "completed", 
R.drawable.food_bun_rieu_cua));
                                                                                                    ^
C:\Projects\food-delivery\app\src\main\java\com\example\fooddelivery\ui\order\OrderListFragment.java:94: error: 
package R does not exist
                list.add(new Order(3, "B├║n b├▓ Huß║┐",    "B├án 2, tß║ºng 3", 3, 105000, 7, "completed", 
R.drawable.food_bun_bo_hue));
                                                                                                    ^
C:\Projects\food-delivery\app\src\main\java\com\example\fooddelivery\ui\order\OrderListFragment.java:97: error: 
package R does not exist
                list.add(new Order(6, "B├║n thß║¡p cß║⌐m", "B├án 3, tß║ºng 2", 4, 125000, 7, "completed", 
R.drawable.food_bun_thap_cam));
                                                                                                   ^
C:\Projects\food-delivery\app\src\main\java\com\example\fooddelivery\ui\order\OrderListFragment.java:100: error: 
package R does not exist
                list.add(new Order(7, "B├║n thß║¡p cß║⌐m", "B├án 4, tß║ºng 2", 4, 125000, 7, "cancelled", 
R.drawable.food_bun_thap_cam));
                                                                                                   ^
C:\Projects\food-delivery\app\src\main\java\com\example\fooddelivery\ui\order\OrderListFragment.java:101: error: 
package R does not exist
                list.add(new Order(8, "B├║n ri├¬u cua",  "B├án 8, tß║ºng 2", 2,  70000, 7, "cancelled", 
R.drawable.food_bun_rieu_cua));
                                                                                                    ^
C:\Projects\food-delivery\app\src\main\java\com\example\fooddelivery\ui\order\OrderManagementFragment.java:40: error: 
package R does not exist
        return inflater.inflate(R.layout.order_fragment_order_management, container, false);
                                 ^
C:\Projects\food-delivery\app\src\main\java\com\example\fooddelivery\ui\order\OrderManagementFragment.java:48: error: 
package R does not exist
        View btnBack = view.findViewById(R.id.btnBack);
                                          ^
C:\Projects\food-delivery\app\src\main\java\com\example\fooddelivery\ui\order\OrderManagementFragment.java:58: error: 
package R does not exist
        tabPending   = view.findViewById(R.id.tabPending);
                                          ^
C:\Projects\food-delivery\app\src\main\java\com\example\fooddelivery\ui\order\OrderManagementFragment.java:59: error: 
package R does not exist
        tabCompleted = view.findViewById(R.id.tabCompleted);
                                          ^
C:\Projects\food-delivery\app\src\main\java\com\example\fooddelivery\ui\order\OrderManagementFragment.java:60: error: 
package R does not exist
        tabCancelled = view.findViewById(R.id.tabCancelled);
                                          ^
C:\Projects\food-delivery\app\src\main\java\com\example\fooddelivery\ui\order\OrderManagementFragment.java:62: error: 
package R does not exist
        indicatorPending   = view.findViewById(R.id.indicatorPending);
                                                ^
C:\Projects\food-delivery\app\src\main\java\com\example\fooddelivery\ui\order\OrderManagementFragment.java:63: error: 
package R does not exist
        indicatorCompleted = view.findViewById(R.id.indicatorCompleted);
                                                ^
C:\Projects\food-delivery\app\src\main\java\com\example\fooddelivery\ui\order\OrderManagementFragment.java:64: error: 
package R does not exist
        indicatorCancelled = view.findViewById(R.id.indicatorCancelled);
                                                ^
C:\Projects\food-delivery\app\src\main\java\com\example\fooddelivery\ui\order\OrderManagementFragment.java:66: error: 
package R does not exist
        viewPager = view.findViewById(R.id.viewPager);
                                       ^
C:\Projects\food-delivery\app\src\main\java\com\example\fooddelivery\ui\profile\ProfileFragment.java:62: error: 
package R does not exist
        return inflater.inflate(R.layout.profile_fragment_profile, container, false);
                                 ^
C:\Projects\food-delivery\app\src\main\java\com\example\fooddelivery\ui\search\SearchFragment.java:57: error: cannot 
find symbol
                            .navigate(R.id.action_search_to_foodDetail, args);
                                          ^
  symbol:   variable action_search_to_foodDetail
  location: class id
Note: Some input files use or override a deprecated API.
Note: Recompile with -Xlint:deprecation for details.
92 errors

FAILURE: Build failed with an exception.

* What went wrong:
Execution failed for task ':app:compileDebugJavaWithJavac'.
> Compilation failed; see the compiler output below.
  Note: Recompile with -Xlint:deprecation for details.
  C:\Projects\food-delivery\app\src\main\java\com\example\fooddelivery\ui\auth\LoginFragment.java:85: error: cannot 
find symbol
          Intent intent = new Intent(requireActivity(), MainActivity.class);
                                                        ^
    symbol:   class MainActivity
    location: class LoginFragment
  C:\Projects\food-delivery\app\src\main\java\com\example\fooddelivery\ui\auth\LoginFragment.java:186: error: cannot 
find symbol
          AuthApiService api = SupabaseClient.getInstance().create(AuthApiService.class);
          ^
    symbol:   class AuthApiService
    location: class LoginFragment
  C:\Projects\food-delivery\app\src\main\java\com\example\fooddelivery\ui\auth\LoginFragment.java:186: error: cannot 
find symbol
          AuthApiService api = SupabaseClient.getInstance().create(AuthApiService.class);
                                                                   ^
    symbol:   class AuthApiService
    location: class LoginFragment
  C:\Projects\food-delivery\app\src\main\java\com\example\fooddelivery\ui\auth\LoginFragment.java:186: error: cannot 
find symbol
          AuthApiService api = SupabaseClient.getInstance().create(AuthApiService.class);
                               ^
    symbol:   variable SupabaseClient
    location: class LoginFragment
  C:\Projects\food-delivery\app\src\main\java\com\example\fooddelivery\ui\auth\LoginFragment.java:187: error: cannot 
find symbol
          api.signIn(new AuthRequest(email, password)).enqueue(new Callback<AuthResponse>() {
                                                                            ^
    symbol:   class AuthResponse
    location: class LoginFragment
  C:\Projects\food-delivery\app\src\main\java\com\example\fooddelivery\ui\auth\LoginFragment.java:187: error: cannot 
find symbol
          api.signIn(new AuthRequest(email, password)).enqueue(new Callback<AuthResponse>() {
                         ^
    symbol:   class AuthRequest
    location: class LoginFragment
  C:\Projects\food-delivery\app\src\main\java\com\example\fooddelivery\ui\auth\SignUpFragment.java:85: error: cannot 
find symbol
          AuthApiService api = SupabaseClient.getInstance().create(AuthApiService.class);
          ^
    symbol:   class AuthApiService
    location: class SignUpFragment
  C:\Projects\food-delivery\app\src\main\java\com\example\fooddelivery\ui\auth\SignUpFragment.java:85: error: cannot 
find symbol
          AuthApiService api = SupabaseClient.getInstance().create(AuthApiService.class);
                                                                   ^
    symbol:   class AuthApiService
    location: class SignUpFragment
  C:\Projects\food-delivery\app\src\main\java\com\example\fooddelivery\ui\auth\SignUpFragment.java:85: error: cannot 
find symbol
          AuthApiService api = SupabaseClient.getInstance().create(AuthApiService.class);
                               ^
    symbol:   variable SupabaseClient
    location: class SignUpFragment
  C:\Projects\food-delivery\app\src\main\java\com\example\fooddelivery\ui\auth\SignUpFragment.java:86: error: cannot 
find symbol
          api.signUp(new AuthRequest(email, password)).enqueue(new Callback<AuthResponse>() {
                                                                            ^
    symbol:   class AuthResponse
    location: class SignUpFragment
  C:\Projects\food-delivery\app\src\main\java\com\example\fooddelivery\ui\auth\SignUpFragment.java:86: error: cannot 
find symbol
          api.signUp(new AuthRequest(email, password)).enqueue(new Callback<AuthResponse>() {
                         ^
    symbol:   class AuthRequest
    location: class SignUpFragment
  C:\Projects\food-delivery\app\src\main\java\com\example\fooddelivery\ui\search\SearchFragment.java:57: error: cannot 
find symbol
                              .navigate(R.id.action_search_to_foodDetail, args);
                                            ^
    symbol:   variable action_search_to_foodDetail
    location: class id
  Note: Some input files use or override a deprecated API.
  C:\Projects\food-delivery\app\src\main\java\com\example\fooddelivery\ui\auth\LoginFragment.java:189: error: cannot 
find symbol
              public void onResponse(Call<AuthResponse> call, Response<AuthResponse> response) {
                                          ^
    symbol: class AuthResponse
  C:\Projects\food-delivery\app\src\main\java\com\example\fooddelivery\ui\auth\LoginFragment.java:189: error: cannot 
find symbol
              public void onResponse(Call<AuthResponse> call, Response<AuthResponse> response) {
                                                                       ^
    symbol: class AuthResponse
  C:\Projects\food-delivery\app\src\main\java\com\example\fooddelivery\ui\auth\LoginFragment.java:207: error: cannot 
find symbol
              public void onFailure(Call<AuthResponse> call, Throwable t) {
                                         ^
    symbol: class AuthResponse
  C:\Projects\food-delivery\app\src\main\java\com\example\fooddelivery\ui\auth\SignUpFragment.java:88: error: cannot 
find symbol
              public void onResponse(Call<AuthResponse> call, Response<AuthResponse> response) {
                                          ^
    symbol: class AuthResponse
  C:\Projects\food-delivery\app\src\main\java\com\example\fooddelivery\ui\auth\SignUpFragment.java:88: error: cannot 
find symbol
              public void onResponse(Call<AuthResponse> call, Response<AuthResponse> response) {
                                                                       ^
    symbol: class AuthResponse
  C:\Projects\food-delivery\app\src\main\java\com\example\fooddelivery\ui\auth\SignUpFragment.java:102: error: cannot 
find symbol
              public void onFailure(Call<AuthResponse> call, Throwable t) {
                                         ^
    symbol: class AuthResponse
  C:\Projects\food-delivery\app\src\main\java\com\example\fooddelivery\ui\auth\ForgetPassFragment.java:24: error: 
package R does not exist
          return inflater.inflate(R.layout.auth_fragment_forget_password, container, false);
                                   ^
  C:\Projects\food-delivery\app\src\main\java\com\example\fooddelivery\ui\auth\ForgetPassFragment.java:33: error: 
package R does not exist
          EditText edEmailPhone = view.findViewById(R.id.edEmailPhone);
                                                     ^
  C:\Projects\food-delivery\app\src\main\java\com\example\fooddelivery\ui\auth\ForgetPassFragment.java:34: error: 
package R does not exist
          Button btnNext        = view.findViewById(R.id.btnNext);
                                                     ^
  C:\Projects\food-delivery\app\src\main\java\com\example\fooddelivery\ui\auth\ForgetPassFragment.java:35: error: 
package R does not exist
          TextView tvBack        = view.findViewById(R.id.tvBack);
                                                      ^
  C:\Projects\food-delivery\app\src\main\java\com\example\fooddelivery\ui\auth\ForgetPassFragment.java:43: error: 
package R does not exist
                  navController.navigate(R.id.action_forget_to_otp);
                                          ^
  C:\Projects\food-delivery\app\src\main\java\com\example\fooddelivery\ui\auth\LoginFragment.java:59: error: package R 
does not exist
          return inflater.inflate(R.layout.auth_fragment_login, container, false);
                                   ^
  C:\Projects\food-delivery\app\src\main\java\com\example\fooddelivery\ui\auth\LoginFragment.java:68: error: package R 
does not exist
          btnLogin      = view.findViewById(R.id.btnLogin);
                                             ^
  C:\Projects\food-delivery\app\src\main\java\com\example\fooddelivery\ui\auth\LoginFragment.java:69: error: package R 
does not exist
          edUsername    = view.findViewById(R.id.edUsername);
                                             ^
  C:\Projects\food-delivery\app\src\main\java\com\example\fooddelivery\ui\auth\LoginFragment.java:70: error: package R 
does not exist
          edPassword    = view.findViewById(R.id.edPassword);
                                             ^
  C:\Projects\food-delivery\app\src\main\java\com\example\fooddelivery\ui\auth\LoginFragment.java:71: error: package R 
does not exist
          tvSignup      = view.findViewById(R.id.tvSignup);
                                             ^
  C:\Projects\food-delivery\app\src\main\java\com\example\fooddelivery\ui\auth\LoginFragment.java:72: error: package R 
does not exist
          fbLoginButton = view.findViewById(R.id.login_button);
                                             ^
  C:\Projects\food-delivery\app\src\main\java\com\example\fooddelivery\ui\auth\LoginFragment.java:73: error: package R 
does not exist
          tvForgetpass  = view.findViewById(R.id.tvForgetpass);
                                             ^
  C:\Projects\food-delivery\app\src\main\java\com\example\fooddelivery\ui\auth\LoginFragment.java:99: error: package R 
does not exist
          view.findViewById(R.id.btn_google_login).setOnClickListener(v -> {
                             ^
  C:\Projects\food-delivery\app\src\main\java\com\example\fooddelivery\ui\auth\LoginFragment.java:215: error: package 
R does not exist
                  navController.navigate(R.id.action_login_to_signup));
                                          ^
  C:\Projects\food-delivery\app\src\main\java\com\example\fooddelivery\ui\auth\LoginFragment.java:220: error: package 
R does not exist
                  navController.navigate(R.id.action_login_to_reset_password));
                                          ^
  C:\Projects\food-delivery\app\src\main\java\com\example\fooddelivery\ui\auth\Reset_password.java:35: error: package 
R does not exist
          return inflater.inflate(R.layout.auth_fragment_reset_password, container, false);
                                   ^
  C:\Projects\food-delivery\app\src\main\java\com\example\fooddelivery\ui\auth\Reset_password.java:42: error: package 
R does not exist
          EditText edNewPassword = view.findViewById(R.id.edNewPassword);
                                                      ^
  C:\Projects\food-delivery\app\src\main\java\com\example\fooddelivery\ui\auth\Reset_password.java:43: error: package 
R does not exist
          EditText edConfirmPassword = view.findViewById(R.id.edConfirmPassword);
                                                          ^
  C:\Projects\food-delivery\app\src\main\java\com\example\fooddelivery\ui\auth\Reset_password.java:44: error: package 
R does not exist
          ImageView ivToggleNew = view.findViewById(R.id.ivToggleNew);
                                                     ^
  C:\Projects\food-delivery\app\src\main\java\com\example\fooddelivery\ui\auth\Reset_password.java:45: error: package 
R does not exist
          ImageView ivToggleConfirm = view.findViewById(R.id.ivToggleConfirm);
                                                         ^
  C:\Projects\food-delivery\app\src\main\java\com\example\fooddelivery\ui\auth\Reset_password.java:46: error: package 
R does not exist
          Button btnConfirmReset = view.findViewById(R.id.btnConfirmReset);
                                                      ^
  C:\Projects\food-delivery\app\src\main\java\com\example\fooddelivery\ui\auth\Reset_password.java:95: error: package 
R does not exist
                          .setView(R.layout.dialog_success)
                                    ^
  C:\Projects\food-delivery\app\src\main\java\com\example\fooddelivery\ui\auth\Reset_password.java:104: error: package 
R does not exist
                      Navigation.findNavController(view).navigate(R.id.action_reset_to_login);
                                                                   ^
  C:\Projects\food-delivery\app\src\main\java\com\example\fooddelivery\ui\auth\SignUpFragment.java:33: error: package 
R does not exist
          return inflater.inflate(R.layout.auth_fragment_sign_up, container, false);
                                   ^
  C:\Projects\food-delivery\app\src\main\java\com\example\fooddelivery\ui\auth\SignUpFragment.java:40: error: package 
R does not exist
          edEmail        = view.findViewById(R.id.edUsername);      // field email
                                              ^
  C:\Projects\food-delivery\app\src\main\java\com\example\fooddelivery\ui\auth\SignUpFragment.java:41: error: package 
R does not exist
          edPassword     = view.findViewById(R.id.edPassword);
                                              ^
  C:\Projects\food-delivery\app\src\main\java\com\example\fooddelivery\ui\auth\SignUpFragment.java:42: error: package 
R does not exist
          edAgainPassword = view.findViewById(R.id.edAgianPassword); // l╞░u ├╜ typo "Agian"
                                               ^
  C:\Projects\food-delivery\app\src\main\java\com\example\fooddelivery\ui\auth\SignUpFragment.java:43: error: package 
R does not exist
          btnSignUp      = view.findViewById(R.id.btnSignUp);
                                              ^
  C:\Projects\food-delivery\app\src\main\java\com\example\fooddelivery\ui\auth\SignUpFragment.java:44: error: package 
R does not exist
          tvSignIn       = view.findViewById(R.id.tvSignIn);
                                              ^
  C:\Projects\food-delivery\app\src\main\java\com\example\fooddelivery\ui\auth\VerifyOtpFragment.java:27: error: 
package R does not exist
          return inflater.inflate(R.layout.auth_fragment_verify_otp, container, false);
                                   ^
  C:\Projects\food-delivery\app\src\main\java\com\example\fooddelivery\ui\auth\VerifyOtpFragment.java:36: error: 
package R does not exist
          EditText edOtp             = view.findViewById(R.id.edOtp);
                                                          ^
  C:\Projects\food-delivery\app\src\main\java\com\example\fooddelivery\ui\auth\VerifyOtpFragment.java:37: error: 
package R does not exist
          Button btnSubmitOtp        = view.findViewById(R.id.btnSubmitOtp);
                                                          ^
  C:\Projects\food-delivery\app\src\main\java\com\example\fooddelivery\ui\auth\VerifyOtpFragment.java:38: error: 
package R does not exist
          TextView tvResendCode      = view.findViewById(R.id.tvResendCode);
                                                          ^
  C:\Projects\food-delivery\app\src\main\java\com\example\fooddelivery\ui\auth\VerifyOtpFragment.java:39: error: 
package R does not exist
          TextView tvChangeEmail     = view.findViewById(R.id.tvChangeEmail);
                                                          ^
  C:\Projects\food-delivery\app\src\main\java\com\example\fooddelivery\ui\auth\VerifyOtpFragment.java:40: error: 
package R does not exist
          TextView tvCantAccessEmail = view.findViewById(R.id.tvCantAccessEmail);
                                                          ^
  C:\Projects\food-delivery\app\src\main\java\com\example\fooddelivery\ui\auth\VerifyOtpFragment.java:53: error: 
package R does not exist
                  navController.navigate(R.id.action_otp_to_reset);
                                          ^
  C:\Projects\food-delivery\app\src\main\java\com\example\fooddelivery\ui\favorites\FavoritesFragment.java:62: error: 
package R does not exist
          return inflater.inflate(R.layout.favorites_fragment_favorites, container, false);
                                   ^
  C:\Projects\food-delivery\app\src\main\java\com\example\fooddelivery\ui\home\adapters\FoodVerticalAdapter.java:46: 
error: package R does not exist
                  .inflate(R.layout.home_item_food_list, parent, false);
                            ^
  C:\Projects\food-delivery\app\src\main\java\com\example\fooddelivery\ui\home\adapters\FoodVerticalAdapter.java:62: 
error: package R does not exist
                  .placeholder(R.drawable.placeholder_food)
                                ^
  C:\Projects\food-delivery\app\src\main\java\com\example\fooddelivery\ui\home\adapters\FoodVerticalAdapter.java:84: 
error: package R does not exist
              imgFood = v.findViewById(R.id.imgFood);
                                        ^
  C:\Projects\food-delivery\app\src\main\java\com\example\fooddelivery\ui\home\adapters\FoodVerticalAdapter.java:85: 
error: package R does not exist
              tvName  = v.findViewById(R.id.tvFoodName);
                                        ^
  C:\Projects\food-delivery\app\src\main\java\com\example\fooddelivery\ui\home\adapters\FoodVerticalAdapter.java:86: 
error: package R does not exist
              tvDesc  = v.findViewById(R.id.tvDescription);
                                        ^
  C:\Projects\food-delivery\app\src\main\java\com\example\fooddelivery\ui\home\adapters\FoodVerticalAdapter.java:87: 
error: package R does not exist
              tvPrice = v.findViewById(R.id.tvPrice);
                                        ^
  C:\Projects\food-delivery\app\src\main\java\com\example\fooddelivery\ui\home\adapters\FoodVerticalAdapter.java:88: 
error: package R does not exist
              tvSold  = v.findViewById(R.id.tvSoldCount);
                                        ^
  C:\Projects\food-delivery\app\src\main\java\com\example\fooddelivery\ui\home\adapters\FoodVerticalAdapter.java:89: 
error: package R does not exist
              btnAdd  = v.findViewById(R.id.btnAddToCart);
                                        ^
  C:\Projects\food-delivery\app\src\main\java\com\example\fooddelivery\ui\home\adapters\TopSellingAdapter.java:46: 
error: package R does not exist
                  .inflate(R.layout.home_item_food_card, parent, false);
                            ^
  C:\Projects\food-delivery\app\src\main\java\com\example\fooddelivery\ui\home\adapters\TopSellingAdapter.java:60: 
error: package R does not exist
                  .placeholder(R.drawable.placeholder_food)
                                ^
  C:\Projects\food-delivery\app\src\main\java\com\example\fooddelivery\ui\home\adapters\TopSellingAdapter.java:89: 
error: package R does not exist
              imgFood = v.findViewById(R.id.imgFood);
                                        ^
  C:\Projects\food-delivery\app\src\main\java\com\example\fooddelivery\ui\home\adapters\TopSellingAdapter.java:90: 
error: package R does not exist
              tvName  = v.findViewById(R.id.tvFoodName);
                                        ^
  C:\Projects\food-delivery\app\src\main\java\com\example\fooddelivery\ui\home\adapters\TopSellingAdapter.java:91: 
error: package R does not exist
              tvPrice = v.findViewById(R.id.tvPrice);
                                        ^
  C:\Projects\food-delivery\app\src\main\java\com\example\fooddelivery\ui\home\adapters\TopSellingAdapter.java:92: 
error: package R does not exist
              btnAdd  = v.findViewById(R.id.btnAddToCart);
                                        ^
  C:\Projects\food-delivery\app\src\main\java\com\example\fooddelivery\ui\menu\MenuFragment.java:62: error: package R 
does not exist
          return inflater.inflate(R.layout.menu_fragment_menu, container, false);
                                   ^
  C:\Projects\food-delivery\app\src\main\java\com\example\fooddelivery\ui\order\OrderListFragment.java:53: error: 
package R does not exist
          View view = inflater.inflate(R.layout.order_fragment_order_list, container, false);
                                        ^
  C:\Projects\food-delivery\app\src\main\java\com\example\fooddelivery\ui\order\OrderListFragment.java:54: error: 
package R does not exist
          recyclerView = view.findViewById(R.id.recyclerViewOrders);
                                            ^
  C:\Projects\food-delivery\app\src\main\java\com\example\fooddelivery\ui\order\OrderListFragment.java:55: error: 
package R does not exist
          layoutEmpty  = view.findViewById(R.id.layoutEmpty);
                                            ^
  C:\Projects\food-delivery\app\src\main\java\com\example\fooddelivery\ui\order\OrderListFragment.java:85: error: 
package R does not exist
                  list.add(new Order(1, "B├║n thß║¡p cß║⌐m", "B├án 3, tß║ºng 2", 4, 125000, 7, "pending", 
R.drawable.food_bun_thap_cam));
                                                                                                   ^
  C:\Projects\food-delivery\app\src\main\java\com\example\fooddelivery\ui\order\OrderListFragment.java:86: error: 
package R does not exist
                  list.add(new Order(2, "B├║n ri├¬u cua",  "B├án 1, tß║ºng 2", 2,  70000, 7, "pending", 
R.drawable.food_bun_rieu_cua));
                                                                                                    ^
  C:\Projects\food-delivery\app\src\main\java\com\example\fooddelivery\ui\order\OrderListFragment.java:87: error: 
package R does not exist
                  list.add(new Order(3, "B├║n b├▓ Huß║┐",    "B├án 2, tß║ºng 3", 3, 105000, 7, "pending", 
R.drawable.food_bun_bo_hue));
                                                                                                    ^
  C:\Projects\food-delivery\app\src\main\java\com\example\fooddelivery\ui\order\OrderListFragment.java:92: error: 
package R does not exist
                  list.add(new Order(1, "B├║n thß║¡p cß║⌐m", "B├án 3, tß║ºng 2", 4, 125000, 7, "completed", 
R.drawable.food_bun_thap_cam));
                                                                                                     ^
  C:\Projects\food-delivery\app\src\main\java\com\example\fooddelivery\ui\order\OrderListFragment.java:93: error: 
package R does not exist
                  list.add(new Order(2, "B├║n ri├¬u cua",  "B├án 1, tß║ºng 2", 2,  70000, 7, "completed", 
R.drawable.food_bun_rieu_cua));
                                                                                                      ^
  C:\Projects\food-delivery\app\src\main\java\com\example\fooddelivery\ui\order\OrderListFragment.java:94: error: 
package R does not exist
                  list.add(new Order(3, "B├║n b├▓ Huß║┐",    "B├án 2, tß║ºng 3", 3, 105000, 7, "completed", 
R.drawable.food_bun_bo_hue));
                                                                                                      ^
  C:\Projects\food-delivery\app\src\main\java\com\example\fooddelivery\ui\order\OrderListFragment.java:97: error: 
package R does not exist
                  list.add(new Order(6, "B├║n thß║¡p cß║⌐m", "B├án 3, tß║ºng 2", 4, 125000, 7, "completed", 
R.drawable.food_bun_thap_cam));
                                                                                                     ^
  C:\Projects\food-delivery\app\src\main\java\com\example\fooddelivery\ui\order\OrderListFragment.java:100: error: 
package R does not exist
                  list.add(new Order(7, "B├║n thß║¡p cß║⌐m", "B├án 4, tß║ºng 2", 4, 125000, 7, "cancelled", 
R.drawable.food_bun_thap_cam));
                                                                                                     ^
  C:\Projects\food-delivery\app\src\main\java\com\example\fooddelivery\ui\order\OrderListFragment.java:101: error: 
package R does not exist
                  list.add(new Order(8, "B├║n ri├¬u cua",  "B├án 8, tß║ºng 2", 2,  70000, 7, "cancelled", 
R.drawable.food_bun_rieu_cua));
                                                                                                      ^
  C:\Projects\food-delivery\app\src\main\java\com\example\fooddelivery\ui\order\OrderManagementFragment.java:40: 
error: package R does not exist
          return inflater.inflate(R.layout.order_fragment_order_management, container, false);
                                   ^
  C:\Projects\food-delivery\app\src\main\java\com\example\fooddelivery\ui\order\OrderManagementFragment.java:48: 
error: package R does not exist
          View btnBack = view.findViewById(R.id.btnBack);
                                            ^
  C:\Projects\food-delivery\app\src\main\java\com\example\fooddelivery\ui\order\OrderManagementFragment.java:58: 
error: package R does not exist
          tabPending   = view.findViewById(R.id.tabPending);
                                            ^
  C:\Projects\food-delivery\app\src\main\java\com\example\fooddelivery\ui\order\OrderManagementFragment.java:59: 
error: package R does not exist
          tabCompleted = view.findViewById(R.id.tabCompleted);
                                            ^
  C:\Projects\food-delivery\app\src\main\java\com\example\fooddelivery\ui\order\OrderManagementFragment.java:60: 
error: package R does not exist
          tabCancelled = view.findViewById(R.id.tabCancelled);
                                            ^
  C:\Projects\food-delivery\app\src\main\java\com\example\fooddelivery\ui\order\OrderManagementFragment.java:62: 
error: package R does not exist
          indicatorPending   = view.findViewById(R.id.indicatorPending);
                                                  ^
10 actionable tasks: 1 executed, 9 up-to-date
  C:\Projects\food-delivery\app\src\main\java\com\example\fooddelivery\ui\order\OrderManagementFragment.java:63: 
error: package R does not exist
          indicatorCompleted = view.findViewById(R.id.indicatorCompleted);
                                                  ^
  C:\Projects\food-delivery\app\src\main\java\com\example\fooddelivery\ui\order\OrderManagementFragment.java:64: 
error: package R does not exist
          indicatorCancelled = view.findViewById(R.id.indicatorCancelled);
                                                  ^
  C:\Projects\food-delivery\app\src\main\java\com\example\fooddelivery\ui\order\OrderManagementFragment.java:66: 
error: package R does not exist
          viewPager = view.findViewById(R.id.viewPager);
                                         ^
  C:\Projects\food-delivery\app\src\main\java\com\example\fooddelivery\ui\profile\ProfileFragment.java:62: error: 
package R does not exist
          return inflater.inflate(R.layout.profile_fragment_profile, container, false);
                                   ^
  92 errors

* Try:
> Check your code and dependencies to fix the compilation error(s)
> Run with --scan to generate a Build Scan (Powered by Develocity).

BUILD FAILED in 3s
